ets ï¿½ets Jul 29 2019 12:21:46

rst:0x1 (POWERON_RESET),boot:0x13 (SPI_FAST_FLASH_BOOT)
configsip: 0, SPIWP:0xee
clk_drv:0x00,q_drv:0x00,d_drv:0x00,cs0_drv:0x00,hd_drv:0x00,wp_drv:0x00
mode:DIO, clock div:1
load:0x3fff0030,len:7524
load:0x40078000,len:16552
load:0x40080400,len:4
load:0x40080404,len:4312
entry 0x4008065c
[0;32mI (29) boot: ESP-IDF v5.3-dev-2815-gbe06a6f5ff 2nd stage bootloader[0m
[0;32mI (29) boot: compile time Jun 13 2024 12:01:01[0m
[0;32mI (31) boot: Multicore bootloader[0m
[0;32mI (35) boot: chip revision: v3.1[0m
[0;32mI (39) qio_mode: Enabling default flash chip QIO[0m
[0;32mI (44) boot.esp32: SPI Speed      : 80MHz[0m
[0;32mI (49) boot.esp32: SPI Mode       : QIO[0m
[0;32mI (53) boot.esp32: SPI Flash Size : 4MB[0m
[0;32mI (58) boot: Enabling RNG early entropy source...[0m
[0;32mI (63) boot: Partition Table:[0m
[0;32mI (67) boot: ## Label            Usage          Type ST Offset   Length[0m
[0;32mI (74) boot:  0 nvs              WiFi data        01 02 00009000 00006000[0m
[0;32mI (82) boot:  1 phy_init         RF data          01 01 0000f000 00001000[0m
[0;32mI (89) boot:  2 factory          factory app      00 00 00010000 00180000[0m
[0;32mI (97) boot: End of partition table[0m
[0;32mI (101) esp_image: segment 0: paddr=00010020 vaddr=3f400020 size=109d84h (1088900) map[0m
[0;32mI (389) esp_image: segment 1: paddr=00119dac vaddr=3ffb0000 size=0336ch ( 13164) load[0m
[0;32mI (393) esp_image: segment 2: paddr=0011d120 vaddr=40080000 size=02ef8h ( 12024) load[0m
[0;32mI (398) esp_image: segment 3: paddr=00120020 vaddr=400d0020 size=33258h (209496) map[0m
[0;32mI (457) esp_image: segment 4: paddr=00153280 vaddr=40082ef8 size=0ddd8h ( 56792) load[0m
[0;32mI (483) boot: Loaded app from partition at offset 0x10000[0m
[0;32mI (483) boot: Disabling RNG early entropy source...[0m
[0;32mI (494) cpu_start: Multicore app[0m
[0;32mI (494) quad_psram: This chip is ESP32-D0WD[0m
[0;32mI (495) esp_psram: Found 8MB PSRAM device[0m
[0;32mI (497) esp_psram: Speed: 80MHz[0m
[0;32mI (500) esp_psram: PSRAM initialized, cache is in low/high (2-core) mode.[0m
[0;33mW (508) esp_psram: Virtual address not enough for PSRAM, map as much as we can. 4MB is mapped[0m
[0;32mI (984) esp_psram: SPI SRAM memory test OK[0m
[0;32mI (992) cpu_start: Pro cpu start user code[0m
[0;32mI (992) cpu_start: cpu freq: 240000000 Hz[0m
[0;32mI (992) app_init: Application information:[0m
[0;32mI (995) app_init: Project name:     person_detection[0m
[0;32mI (1000) app_init: App version:      45633db-dirty[0m
[0;32mI (1006) app_init: Compile time:     Jun 24 2024 12:56:27[0m
[0;32mI (1012) app_init: ELF file SHA256:  1d1bafdb6...[0m
[0;32mI (1017) app_init: ESP-IDF:          v5.3-dev-2815-gbe06a6f5ff[0m
[0;32mI (1024) efuse_init: Min chip rev:     v0.0[0m
[0;32mI (1029) efuse_init: Max chip rev:     v3.99 [0m
[0;32mI (1034) efuse_init: Chip rev:         v3.1[0m
[0;32mI (1039) heap_init: Initializing. RAM available for dynamic allocation:[0m
[0;32mI (1046) heap_init: At 3FFAE6E0 len 00001920 (6 KiB): DRAM[0m
[0;32mI (1052) heap_init: At 3FFB4180 len 0002BE80 (175 KiB): DRAM[0m
[0;32mI (1058) heap_init: At 3FFE0440 len 00003AE0 (14 KiB): D/IRAM[0m
[0;32mI (1065) heap_init: At 3FFE4350 len 0001BCB0 (111 KiB): D/IRAM[0m
[0;32mI (1071) heap_init: At 40090CD0 len 0000F330 (60 KiB): IRAM[0m
[0;32mI (1078) esp_psram: Adding pool of 4096K of PSRAM memory to heap allocator[0m
[0;32mI (1086) spi_flash: detected chip: generic[0m
[0;32mI (1090) spi_flash: flash io: qio[0m
[0;33mW (1094) i2c: This driver is an old driver, please migrate your application code to adapt `driver/i2c_master.h`[0m
[0;32mI (1105) main_task: Started on CPU0[0m
[0;32mI (1115) main_task: Calling app_main()[0m
Failed to resize buffer. Requested: 176720, available 90604, missing: 86116
AllocateTensors() failed
Guru Meditation Error: Core  0 panic'ed (LoadProhibited). Exception was unhandled.

Core  0 register dump:
PC      : 0x400d84cb  PS      : 0x00060630  A0      : 0x800d7f05  A1      : 0x3ffb7a00  
A2      : 0x00000000  A3      : 0x00000008  A4      : 0x3ffb3ab0  A5      : 0x3ffb3cc8  
A6      : 0x3ffb3cd4  A7      : 0x3ffb3cd0  A8      : 0x00000000  A9      : 0x3ffb7970  
A10     : 0x00000060  A11     : 0x00000060  A12     : 0x00000001  A13     : 0x3ffb3b54  
A14     : 0x3ffb3b20  A15     : 0x3ffb3ab0  SAR     : 0x00000004  EXCCAUSE: 0x0000001c  
EXCVADDR: 0x00000010  LBEG    : 0x400870ad  LEND    : 0x400870bd  LCOUNT  : 0xffffffff  


Backtrace: 0x400d84c8:0x3ffb7a00 0x400d7f02:0x3ffb7a20




ELF file SHA256: 1d1bafdb6

Rebooting...
ets Jul 29 2019 12:21:46

rst:0xc (SW_CPU_RESET),boot:0x13 (SPI_FAST_FLASH_BOOT)
configsip: 0, SPIWP:0xee
clk_drv:0x00,q_drv:0x00,d_drv:0x00,cs0_drv:0x00,hd_drv:0x00,wp_drv:0x00
mode:DIO, clock div:1
load:0x3fff0030,len:7524
load:0x40078000,len:16552
load:0x40080400,len:4
load:0x40080404,len:4312
entry 0x4008065c
[0;32mI (29) boot: ESP-IDF v5.3-dev-2815-gbe06a6f5ff 2nd stage bootloader[0m
[0;32mI (29) boot: compile time Jun 13 2024 12:01:01[0m
[0;32mI (31) boot: Multicore bootloader[0m
[0;32mI (35) boot: chip revision: v3.1[0m
[0;32mI (39) qio_mode: Enabling default flash chip QIO[0m
[0;32mI (44) boot.esp32: SPI Speed      : 80MHz[0m
[0;32mI (49) boot.esp32: SPI Mode       : QIO[0m
[0;32mI (53) boot.esp32: SPI Flash Size : 4MB[0m
[0;32mI (58) boot: Enabling RNG early entropy source...[0m
[0;32mI (63) boot: Partition Table:[0m
[0;32mI (67) boot: ## Label            Usage          Type ST Offset   Length[0m
[0;32mI (74) boot:  0 nvs              WiFi data        01 02 00009000 00006000[0m
[0;32mI (82) boot:  1 phy_init         RF data          01 01 0000f000 00001000[0m
[0;32mI (89) boot:  2 factory          factory app      00 00 00010000 00180000[0m
[0;32mI (97) boot: End of partition table[0m
[0;32mI (101) esp_image: segment 0: paddr=00010020 vaddr=3f400020 size=109d84h (1088900) map[0m
[0;32mI (389) esp_image: segment 1: paddr=00119dac vaddr=3ffb0000 size=0336ch ( 13164) load[0m
[0;32mI (393) esp_image: segment 2: paddr=0011d120 vaddr=40080000 size=02ef8h ( 12024) load[0m
[0;32mI (398) esp_image: segment 3: paddr=00120020 vaddr=400d0020 size=33258h (209496) map[0m
[0;32mI (457) esp_image: segment 4: paddr=00153280 vaddr=40082ef8 size=0ddd8h ( 56792) load[0m
[0;32mI (483) boot: Loaded app from partition at offset 0x10000[0m
[0;32mI (483) boot: Disabling RNG early entropy source...[0m
[0;32mI (494) cpu_start: Multicore app[0m
[0;32mI (494) quad_psram: This chip is ESP32-D0WD[0m
[0;32mI (495) esp_psram: Found 8MB PSRAM device[0m
[0;32mI (496) esp_psram: Speed: 80MHz[0m
[0;32mI (500) esp_psram: PSRAM initialized, cache is in low/high (2-core) mode.[0m
[0;33mW (508) esp_psram: Virtual address not enough for PSRAM, map as much as we can. 4MB is mapped[0m
[0;32mI (984) esp_psram: SPI SRAM memory test OK[0m
[0;32mI (992) cpu_start: Pro cpu start user code[0m
[0;32mI (992) cpu_start: cpu freq: 240000000 Hz[0m
[0;32mI (992) app_init: Application information:[0m
[0;32mI (995) app_init: Project name:     person_detection[0m
[0;32mI (1000) app_init: App version:      45633db-dirty[0m
[0;32mI (1006) app_init: Compile time:     Jun 24 2024 12:56:27[0m
[0;32mI (1012) app_init: ELF file SHA256:  1d1bafdb6...[0m
[0;32mI (1017) app_init: ESP-IDF:          v5.3-dev-2815-gbe06a6f5ff[0m
[0;32mI (1024) efuse_init: Min chip rev:     v0.0[0m
[0;32mI (1029) efuse_init: Max chip rev:     v3.99 [0m
[0;32mI (1034) efuse_init: Chip rev:         v3.1[0m
[0;32mI (1039) heap_init: Initializing. RAM available for dynamic allocation:[0m
[0;32mI (1046) heap_init: At 3FFAE6E0 len 00001920 (6 KiB): DRAM[0m
[0;32mI (1052) heap_init: At 3FFB4180 len 0002BE80 (175 KiB): DRAM[0m
[0;32mI (1058) heap_init: At 3FFE0440 len 00003AE0 (14 KiB): D/IRAM[0m
[0;32mI (1065) heap_init: At 3FFE4350 len 0001BCB0 (111 KiB): D/IRAM[0m
[0;32mI (1071) heap_init: At 40090CD0 len 0000F330 (60 KiB): IRAM[0m
[0;32mI (1078) esp_psram: Adding pool of 4096K of PSRAM memory to heap allocator[0m
[0;32mI (1086) spi_flash: detected chip: generic[0m
[0;32mI (1090) spi_flash: flash io: qio[0m
[0;33mW (1094) i2c: This driver is an old driver, please migrate your application code to adapt `driver/i2c_master.h`[0m
[0;32mI (1105) main_task: Started on CPU0[0m
[0;32mI (1115) main_task: Calling app_main()[0m
Failed to resize buffer. Requested: 176720, available 90604, missing: 86116
AllocateTensors() failed
Guru Meditation Error: Core  0 panic'ed (LoadProhibited). Exception was unhandled.

Core  0 register dump:
PC      : 0x400d84cb  PS      : 0x00060630  A0      : 0x800d7f05  A1      : 0x3ffb7a00  
A2      : 0x00000000  A3      : 0x00000008  A4      : 0x3ffb3ab0  A5      : 0x3ffb3cc8  
A6      : 0x3ffb3cd4  A7      : 0x3ffb3cd0  A8      : 0x00000000  A9      : 0x3ffb7970  
A10     : 0x00000060  A11     : 0x00000060  A12     : 0x00000001  A13     : 0x3ffb3b54  
A14     : 0x3ffb3b20  A15     : 0x3ffb3ab0  SAR     : 0x00000004  EXCCAUSE: 0x0000001c  
EXCVADDR: 0x00000010  LBEG    : 0x400870ad  LEND    : 0x400870bd  LCOUNT  : 0xffffffff  


Backtrace: 0x400d84c8:0x3ffb7a00 0x400d7f02:0x3ffb7a20




ELF file SHA256: 1d1bafdb6

Rebooting...
ets Jul 29 2019 12:21:46

rst:0xc (SW_CPU_RESET),boot:0x13 (SPI_FAST_FLASH_BOOT)
configsip: 0, SPIWP:0xee
clk_drv:0x00,q_drv:0x00,d_drv:0x00,cs0_drv:0x00,hd_drv:0x00,wp_drv:0x00
mode:DIO, clock div:1
load:0x3fff0030,len:7524
load:0x40078000,len:16552
load:0x40080400,len:4
load:0x40080404,len:4312
entry 0x4008065c
[0;32mI (29) boot: ESP-IDF v5.3-dev-2815-gbe06a6f5ff 2nd stage bootloader[0m
[0;32mI (29) boot: compile time Jun 13 2024 12:01:01[0m
[0;32mI (31) boot: Multicore bootloader[0m
[0;32mI (35) boot: chip revision: v3.1[0m
[0;32mI (39) qio_mode: Enabling default flash chip QIO[0m
[0;32mI (44) boot.esp32: SPI Speed      : 80MHz[0m
[0;32mI (49) boot.esp32: SPI Mode       : QIO[0m
[0;32mI (53) boot.esp32: SPI Flash Size : 4MB[0m
[0;32mI (58) boot: Enabling RNG early entropy source...[0m
[0;32mI (63) boot: Partition Table:[0m
[0;32mI (67) boot: ## Label            Usage          Type ST Offset   Length[0m
[0;32mI (74) boot:  0 nvs              WiFi data        01 02 00009000 00006000[0m
[0;32mI (82) boot:  1 phy_init         RF data          01 01 0000f000 00001000[0m
[0;32mI (89) boot:  2 factory          factory app      00 00 00010000 00180000[0m
[0;32mI (97) boot: End of partition table[0m
[0;32mI (101) esp_image: segment 0: paddr=00010020 vaddr=3f400020 size=109d84h (1088900) map[0m
[0;32mI (389) esp_image: segment 1: paddr=00119dac vaddr=3ffb0000 size=0336ch ( 13164) load[0m
[0;32mI (393) esp_image: segment 2: paddr=0011d120 vaddr=40080000 size=02ef8h ( 12024) load[0m
[0;32mI (398) esp_image: segment 3: paddr=00120020 vaddr=400d0020 size=33258h (209496) map[0m
[0;32mI (457) esp_image: segment 4: paddr=00153280 vaddr=40082ef8 size=0ddd8h ( 56792) load[0m
[0;32mI (483) boot: Loaded app from partition at offset 0x10000[0m
[0;32mI (483) boot: Disabling RNG early entropy source...[0m
[0;32mI (494) cpu_start: Multicore app[0m
[0;32mI (494) quad_psram: This chip is ESP32-D0WD[0m
[0;32mI (495) esp_psram: Found 8MB PSRAM device[0m
[0;32mI (496) esp_psram: Speed: 80MHz[0m
[0;32mI (500) esp_psram: PSRAM initialized, cache is in low/high (2-core) mode.[0m
[0;33mW (508) esp_psram: Virtual address not enough for PSRAM, map as much as we can. 4MB is mapped[0m
[0;32mI (984) esp_psram: SPI SRAM memory test OK[0m
[0;32mI (992) cpu_start: Pro cpu start user code[0m
[0;32mI (992) cpu_start: cpu freq: 240000000 Hz[0m
[0;32mI (992) app_init: Application information:[0m
[0;32mI (995) app_init: Project name:     person_detection[0m
[0;32mI (1000) app_init: App version:      45633db-dirty[0m
[0;32mI (1006) app_init: Compile time:     Jun 24 2024 12:56:27[0m
[0;32mI (1012) app_init: ELF file SHA256:  1d1bafdb6...[0m
[0;32mI (1017) app_init: ESP-IDF:          v5.3-dev-2815-gbe06a6f5ff[0m
[0;32mI (1024) efuse_init: Min chip rev:     v0.0[0m
[0;32mI (1029) efuse_init: Max chip rev:     v3.99 [0m
[0;32mI (1034) efuse_init: Chip rev:         v3.1[0m
[0;32mI (1039) heap_init: Initializing. RAM available for dynamic allocation:[0m
[0;32mI (1046) heap_init: At 3FFAE6E0 len 00001920 (6 KiB): DRAM[0m
[0;32mI (1052) heap_init: At 3FFB4180 len 0002BE80 (175 KiB): DRAM[0m
[0;32mI (1058) heap_init: At 3FFE0440 len 00003AE0 (14 KiB): D/IRAM[0m
[0;32mI (1065) heap_init: At 3FFE4350 len 0001BCB0 (111 KiB): D/IRAM[0m
[0;32mI (1071) heap_init: At 40090CD0 len 0000F330 (60 KiB): IRAM[0m
[0;32mI (1078) esp_psram: Adding pool of 4096K of PSRAM memory to heap allocator[0m
[0;32mI (1086) spi_flash: detected chip: generic[0m
[0;32mI (1090) spi_flash: flash io: qio[0m
[0;33mW (1094) i2c: This driver is an old driver, please migrate your application code to adapt `driver/i2c_master.h`[0m
[0;32mI (1105) main_task: Started on CPU0[0m
[0;32mI (1115) main_task: Calling app_main()[0m
Failed to resize buffer. Requested: 176720, available 90604, missing: 86116
AllocateTensors() failed
Guru Meditation Error: Core  0 panic'ed (LoadProhibited). Exception was unhandled.

Core  0 register dump:
PC      : 0x400d84cb  PS      : 0x00060630  A0      : 0x800d7f05  A1      : 0x3ffb7a00  
A2      : 0x00000000  A3      : 0x00000008  A4      : 0x3ffb3ab0  A5      : 0x3ffb3cc8  
A6      : 0x3ffb3cd4  A7      : 0x3ffb3cd0  A8      : 0x00000000  A9      : 0x3ffb7970  
A10     : 0x00000060  A11     : 0x00000060  A12     : 0x00000001  A13     : 0x3ffb3b54  
A14     : 0x3ffb3b20  A15     : 0x3ffb3ab0  SAR     : 0x00000004  EXCCAUSE: 0x0000001c  
EXCVADDR: 0x00000010  LBEG    : 0x400870ad  LEND    : 0x400870bd  LCOUNT  : 0xffffffff  


Backtrace: 0x400d84c8:0x3ffb7a00 0x400d7f02:0x3ffb7a20




ELF file SHA256: 1d1bafdb6

Rebooting...
ets Jul 29 2019 12:21:46

rst:0xc (SW_CPU_RESET),boot:0x13 (SPI_FAST_FLASH_BOOT)
configsip: 0, SPIWP:0xee
clk_drv:0x00,q_drv:0x00,d_drv:0x00,cs0_drv:0x00,hd_drv:0x00,wp_drv:0x00
mode:DIO, clock div:1
load:0x3fff0030,len:7524
load:0x40078000,len:16552
load:0x40080400,len:4
load:0x40080404,len:4312
entry 0x4008065c
[0;32mI (29) boot: ESP-IDF v5.3-dev-2815-gbe06a6f5ff 2nd stage bootloader[0m
[0;32mI (29) boot: compile time Jun 13 2024 12:01:01[0m
[0;32mI (31) boot: Multicore bootloader[0m
[0;32mI (35) boot: chip revision: v3.1[0m
[0;32mI (39) qio_mode: Enabling default flash chip QIO[0m
[0;32mI (44) boot.esp32: SPI Speed      : 80MHz[0m
[0;32mI (49) boot.esp32: SPI Mode       : QIO[0m
[0;32mI (53) boot.esp32: SPI Flash Size : 4MB[0m
[0;32mI (58) boot: Enabling RNG early entropy source...[0m
[0;32mI (63) boot: Partition Table:[0m
[0;32mI (67) boot: ## Label            Usage          Type ST Offset   Length[0m
[0;32mI (74) boot:  0 nvs              WiFi data        01 02 00009000 00006000[0m
[0;32mI (82) boot:  1 phy_init         RF data          01 01 0000f000 00001000[0m
[0;32mI (89) boot:  2 factory          factory app      00 00 00010000 00180000[0m
[0;32mI (97) boot: End of partition table[0m
[0;32mI (101) esp_image: segment 0: paddr=00010020 vaddr=3f400020 size=109d84h (1088900) map[0m
[0;32mI (389) esp_image: segment 1: paddr=00119dac vaddr=3ffb0000 size=0336ch ( 13164) load[0m
[0;32mI (393) esp_image: segment 2: paddr=0011d120 vaddr=40080000 size=02ef8h ( 12024) load[0m
[0;32mI (398) esp_image: segment 3: paddr=00120020 vaddr=400d0020 size=33258h (209496) map[0m
[0;32mI (457) esp_image: segment 4: paddr=00153280 vaddr=40082ef8 size=0ddd8h ( 56792) load[0m
[0;32mI (483) boot: Loaded app from partition at offset 0x10000[0m
[0;32mI (483) boot: Disabling RNG early entropy source...[0m
[0;32mI (494) cpu_start: Multicore app[0m
[0;32mI (494) quad_psram: This chip is ESP32-D0WD[0m
[0;32mI (495) esp_psram: Found 8MB PSRAM device[0m
[0;32mI (496) esp_psram: Speed: 80MHz[0m
[0;32mI (500) esp_psram: PSRAM initialized, cache is in low/high (2-core) mode.[0m
[0;33mW (508) esp_psram: Virtual address not enough for PSRAM, map as much as we can. 4MB is mapped[0m
[0;32mI (984) esp_psram: SPI SRAM memory test OK[0m
[0;32mI (992) cpu_start: Pro cpu start user code[0m
[0;32mI (992) cpu_start: cpu freq: 240000000 Hz[0m
[0;32mI (992) app_init: Application information:[0m
[0;32mI (995) app_init: Project name:     person_detection[0m
[0;32mI (1000) app_init: App version:      45633db-dirty[0m
[0;32mI (1006) app_init: Compile time:     Jun 24 2024 12:56:27[0m
[0;32mI (1012) app_init: ELF file SHA256:  1d1bafdb6...[0m
[0;32mI (1017) app_init: ESP-IDF:          v5.3-dev-2815-gbe06a6f5ff[0m
[0;32mI (1024) efuse_init: Min chip rev:     v0.0[0m
[0;32mI (1029) efuse_init: Max chip rev:     v3.99 [0m
[0;32mI (1034) efuse_init: Chip rev:         v3.1[0m
[0;32mI (1039) heap_init: Initializing. RAM available for dynamic allocation:[0m
[0;32mI (1046) heap_init: At 3FFAE6E0 len 00001920 (6 KiB): DRAM[0m
[0;32mI (1052) heap_init: At 3FFB4180 len 0002BE80 (175 KiB): DRAM[0m
[0;32mI (1058) heap_init: At 3FFE0440 len 00003AE0 (14 KiB): D/IRAM[0m
[0;32mI (1065) heap_init: At 3FFE4350 len 0001BCB0 (111 KiB): D/IRAM[0m
[0;32mI (1071) heap_init: At 40090CD0 len 0000F330 (60 KiB): IRAM[0m
[0;32mI (1078) esp_psram: Adding pool of 4096K of PSRAM memory to heap allocator[0m
[0;32mI (1086) spi_flash: detected chip: generic[0m
[0;32mI (1090) spi_flash: flash io: qio[0m
[0;33mW (1094) i2c: This driver is an old driver, please migrate your application code to adapt `driver/i2c_master.h`[0m
[0;32mI (1105) main_task: Started on CPU0[0m
[0;32mI (1115) main_task: Calling app_main()[0m
Failed to resize buffer. Requested: 176720, available 90604, missing: 86116
AllocateTensors() failed
Guru Meditation Error: Core  0 panic'ed (LoadProhibited). Exception was unhandled.

Core  0 register dump:
PC      : 0x400d84cb  PS      : 0x00060630  A0      : 0x800d7f05  A1      : 0x3ffb7a00  
A2      : 0x00000000  A3      : 0x00000008  A4      : 0x3ffb3ab0  A5      : 0x3ffb3cc8  
A6      : 0x3ffb3cd4  A7      : 0x3ffb3cd0  A8      : 0x00000000  A9      : 0x3ffb7970  
A10     : 0x00000060  A11     : 0x00000060  A12     : 0x00000001  A13     : 0x3ffb3b54  
A14     : 0x3ffb3b20  A15     : 0x3ffb3ab0  SAR     : 0x00000004  EXCCAUSE: 0x0000001c  
EXCVADDR: 0x00000010  LBEG    : 0x400870ad  LEND    : 0x400870bd  LCOUNT  : 0xffffffff  


Backtrace: 0x400d84c8:0x3ffb7a00 0x400d7f02:0x3ffb7a20




ELF file SHA256: 1d1bafdb6

Rebooting...
ets Jul 29 2019 12:21:46

rst:0xc (SW_CPU_RESET),boot:0x13 (SPI_FAST_FLASH_BOOT)
configsip: 0, SPIWP:0xee
clk_drv:0x00,q_drv:0x00,d_drv:0x00,cs0_drv:0x00,hd_drv:0x00,wp_drv:0x00
mode:DIO, clock div:1
load:0x3fff0030,len:7524
load:0x40078000,len:16552
load:0x40080400,len:4
load:0x40080404,len:4312
entry 0x4008065c
[0;32mI (29) boot: ESP-IDF v5.3-dev-2815-gbe06a6f5ff 2nd stage bootloader[0m
[0;32mI (29) boot: compile time Jun 13 2024 12:01:01[0m
[0;32mI (31) boot: Multicore bootloader[0m
[0;32mI (35) boot: chip revision: v3.1[0m
[0;32mI (39) qio_mode: Enabling default flash chip QIO[0m
[0;32mI (44) boot.esp32: SPI Speed      : 80MHz[0m
[0;32mI (49) boot.esp32: SPI Mode       : QIO[0m
[0;32mI (53) boot.esp32: SPI Flash Size : 4MB[0m
[0;32mI (58) boot: Enabling RNG early entropy source...[0m
[0;32mI (63) boot: Partition Table:[0m
[0;32mI (67) boot: ## Label            Usage          Type ST Offset   Length[0m
[0;32mI (74) boot:  0 nvs              WiFi data        01 02 00009000 00006000[0m
[0;32mI (82) boot:  1 phy_init         RF data          01 01 0000f000 00001000[0m
[0;32mI (89) boot:  2 factory          factory app      00 00 00010000 00180000[0m
[0;32mI (97) boot: End of partition table[0m
[0;32mI (101) esp_image: segment 0: paddr=00010020 vaddr=3f400020 size=109d84h (1088900) map[0m
[0;32mI (389) esp_image: segment 1: paddr=00119dac vaddr=3ffb0000 size=0336ch ( 13164) load[0m
[0;32mI (393) esp_image: segment 2: paddr=0011d120 vaddr=40080000 size=02ef8h ( 12024) load[0m
[0;32mI (398) esp_image: segment 3: paddr=00120020 vaddr=400d0020 size=33258h (209496) map[0m
[0;32mI (457) esp_image: segment 4: paddr=00153280 vaddr=40082ef8 size=0ddd8h ( 56792) load[0m
[0;32mI (483) boot: Loaded app from partition at offset 0x10000[0m
[0;32mI (483) boot: Disabling RNG early entropy source...[0m
[0;32mI (494) cpu_start: Multicore app[0m
[0;32mI (494) quad_psram: This chip is ESP32-D0WD[0m
[0;32mI (495) esp_psram: Found 8MB PSRAM device[0m
[0;32mI (496) esp_psram: Speed: 80MHz[0m
[0;32mI (500) esp_psram: PSRAM initialized, cache is in low/high (2-core) mode.[0m
[0;33mW (508) esp_psram: Virtual address not enough for PSRAM, map as much as we can. 4MB is mapped[0m
