ets Julï¿½ets Jul 29 2019 12:21:46

rst:0x1 (POWERON_RESET),boot:0x13 (SPI_FAST_FLASH_BOOT)
configsip: 0, SPIWP:0xee
clk_drv:0x00,q_drv:0x00,d_drv:0x00,cs0_drv:0x00,hd_drv:0x00,wp_drv:0x00
mode:DIO, clock div:1
load:0x3fff0030,len:7524
load:0x40078000,len:16552
load:0x40080400,len:4
load:0x40080404,len:4312
entry 0x4008065c
[0;32mI (29) boot: ESP-IDF v5.3-dev-2815-gbe06a6f5ff 2nd stage bootloader[0m
[0;32mI (29) boot: compile time Jun 13 2024 12:01:01[0m
[0;32mI (31) boot: Multicore bootloader[0m
[0;32mI (35) boot: chip revision: v3.1[0m
[0;32mI (39) qio_mode: Enabling default flash chip QIO[0m
[0;32mI (44) boot.esp32: SPI Speed      : 80MHz[0m
[0;32mI (49) boot.esp32: SPI Mode       : QIO[0m
[0;32mI (53) boot.esp32: SPI Flash Size : 4MB[0m
[0;32mI (58) boot: Enabling RNG early entropy source...[0m
[0;32mI (63) boot: Partition Table:[0m
[0;32mI (67) boot: ## Label            Usage          Type ST Offset   Length[0m
[0;32mI (74) boot:  0 nvs              WiFi data        01 02 00009000 00006000[0m
[0;32mI (82) boot:  1 phy_init         RF data          01 01 0000f000 00001000[0m
[0;32mI (89) boot:  2 factory          factory app      00 00 00010000 00180000[0m
[0;32mI (97) boot: End of partition table[0m
[0;32mI (101) esp_image: segment 0: paddr=00010020 vaddr=3f400020 size=42d9ch (273820) map[0m
[0;32mI (180) esp_image: segment 1: paddr=00052dc4 vaddr=3ffb0000 size=02278h (  8824) load[0m
[0;32mI (182) esp_image: segment 2: paddr=00055044 vaddr=40080000 size=0afd4h ( 45012) load[0m
[0;32mI (199) esp_image: segment 3: paddr=00060020 vaddr=400d0020 size=35178h (217464) map[0m
[0;32mI (255) esp_image: segment 4: paddr=000951a0 vaddr=4008afd4 size=05448h ( 21576) load[0m
[0;32mI (270) boot: Loaded app from partition at offset 0x10000[0m
[0;32mI (270) boot: Disabling RNG early entropy source...[0m
[0;32mI (282) cpu_start: Multicore app[0m
[0;32mI (282) quad_psram: This chip is ESP32-D0WD[0m
[0;32mI (282) esp_psram: Found 8MB PSRAM device[0m
[0;32mI (284) esp_psram: Speed: 80MHz[0m
[0;32mI (288) esp_psram: PSRAM initialized, cache is in low/high (2-core) mode.[0m
[0;33mW (295) esp_psram: Virtual address not enough for PSRAM, map as much as we can. 4MB is mapped[0m
[0;32mI (771) esp_psram: SPI SRAM memory test OK[0m
[0;32mI (779) cpu_start: Pro cpu start user code[0m
[0;32mI (779) cpu_start: cpu freq: 240000000 Hz[0m
[0;32mI (779) app_init: Application information:[0m
[0;32mI (782) app_init: Project name:     person_detection[0m
[0;32mI (788) app_init: App version:      45633db-dirty[0m
[0;32mI (793) app_init: Compile time:     Jun 24 2024 20:03:38[0m
[0;32mI (799) app_init: ELF file SHA256:  7be451810...[0m
[0;32mI (804) app_init: ESP-IDF:          v5.3-dev-2815-gbe06a6f5ff[0m
[0;32mI (811) efuse_init: Min chip rev:     v0.0[0m
[0;32mI (816) efuse_init: Max chip rev:     v3.99 [0m
[0;32mI (821) efuse_init: Chip rev:         v3.1[0m
[0;32mI (825) heap_init: Initializing. RAM available for dynamic allocation:[0m
[0;32mI (833) heap_init: At 3FFAE6E0 len 00001920 (6 KiB): DRAM[0m
[0;32mI (839) heap_init: At 3FFB3060 len 0002CFA0 (179 KiB): DRAM[0m
[0;32mI (845) heap_init: At 3FFE0440 len 00003AE0 (14 KiB): D/IRAM[0m
[0;32mI (851) heap_init: At 3FFE4350 len 0001BCB0 (111 KiB): D/IRAM[0m
[0;32mI (858) heap_init: At 4009041C len 0000FBE4 (62 KiB): IRAM[0m
[0;32mI (864) esp_psram: Adding pool of 4096K of PSRAM memory to heap allocator[0m
[0;32mI (872) spi_flash: detected chip: generic[0m
[0;32mI (876) spi_flash: flash io: qio[0m
[0;32mI (880) main_task: Started on CPU0[0m
[0;32mI (890) main_task: Calling app_main()[0m
[0;32mI (890) [esp_cli]: Registering command: mem-dump[0m
[0;32mI (890) [esp_cli]: Registering command: task-dump[0m
[0;32mI (890) [esp_cli]: Registering command: cpu-dump[0m
[0;32mI (900) [esp_cli]: Registering command: detect_image[0m
[5n
Type 'help' to get the list of commands.
Use UP/DOWN arrows to navigate through command history.
Press TAB when typing command name to auto-complete.

Your terminal application does not support escape sequences.

Line editing and history features are disabled.

On Windows, try using Putty instead.
esp> [0n