etï¿½ets Jul 29 2019 12:21:46

rst:0x1 (POWERON_RESET),boot:0x13 (SPI_FAST_FLASH_BOOT)
configsip: 0, SPIWP:0xee
clk_drv:0x00,q_drv:0x00,d_drv:0x00,cs0_drv:0x00,hd_drv:0x00,wp_drv:0x00
mode:DIO, clock div:1
load:0x3fff0030,len:7524
load:0x40078000,len:16552
load:0x40080400,len:4
load:0x40080404,len:4312
entry 0x4008065c
[0;32mI (29) boot: ESP-IDF v5.3-dev-2815-gbe06a6f5ff 2nd stage bootloader[0m
[0;32mI (29) boot: compile time Jun 13 2024 12:01:01[0m
[0;32mI (31) boot: Multicore bootloader[0m
[0;32mI (35) boot: chip revision: v3.1[0m
[0;32mI (39) qio_mode: Enabling default flash chip QIO[0m
[0;32mI (44) boot.esp32: SPI Speed      : 80MHz[0m
[0;32mI (49) boot.esp32: SPI Mode       : QIO[0m
[0;32mI (53) boot.esp32: SPI Flash Size : 4MB[0m
[0;32mI (58) boot: Enabling RNG early entropy source...[0m
[0;32mI (63) boot: Partition Table:[0m
[0;32mI (67) boot: ## Label            Usage          Type ST Offset   Length[0m
[0;32mI (74) boot:  0 nvs              WiFi data        01 02 00009000 00006000[0m
[0;32mI (82) boot:  1 phy_init         RF data          01 01 0000f000 00001000[0m
[0;32mI (89) boot:  2 factory          factory app      00 00 00010000 00180000[0m
[0;32mI (97) boot: End of partition table[0m
[0;32mI (101) esp_image: segment 0: paddr=00010020 vaddr=3f400020 size=5e614h (386580) map[0m
[0;32mI (209) esp_image: segment 1: paddr=0006e63c vaddr=3ffb0000 size=019dch (  6620) load[0m
[0;32mI (211) esp_image: segment 2: paddr=00070020 vaddr=400d0020 size=30db0h (200112) map[0m
[0;32mI (266) esp_image: segment 3: paddr=000a0dd8 vaddr=3ffb19dc size=01990h (  6544) load[0m
[0;32mI (268) esp_image: segment 4: paddr=000a2770 vaddr=40080000 size=10cd0h ( 68816) load[0m
[0;32mI (301) boot: Loaded app from partition at offset 0x10000[0m
[0;32mI (301) boot: Disabling RNG early entropy source...[0m
[0;32mI (312) cpu_start: Multicore app[0m
[0;32mI (313) quad_psram: This chip is ESP32-D0WD[0m
[0;32mI (313) esp_psram: Found 8MB PSRAM device[0m
[0;32mI (315) esp_psram: Speed: 80MHz[0m
[0;32mI (319) esp_psram: PSRAM initialized, cache is in low/high (2-core) mode.[0m
[0;33mW (326) esp_psram: Virtual address not enough for PSRAM, map as much as we can. 4MB is mapped[0m
[0;32mI (802) esp_psram: SPI SRAM memory test OK[0m
[0;32mI (810) cpu_start: Pro cpu start user code[0m
[0;32mI (810) cpu_start: cpu freq: 240000000 Hz[0m
[0;32mI (810) app_init: Application information:[0m
[0;32mI (813) app_init: Project name:     person_detection[0m
[0;32mI (819) app_init: App version:      1[0m
[0;32mI (823) app_init: Compile time:     Jun 13 2024 12:01:57[0m
[0;32mI (829) app_init: ELF file SHA256:  b5ff7587a...[0m
[0;32mI (834) app_init: ESP-IDF:          v5.3-dev-2815-gbe06a6f5ff[0m
[0;32mI (841) efuse_init: Min chip rev:     v0.0[0m
[0;32mI (845) efuse_init: Max chip rev:     v3.99 [0m
[0;32mI (850) efuse_init: Chip rev:         v3.1[0m
[0;32mI (855) heap_init: Initializing. RAM available for dynamic allocation:[0m
[0;32mI (862) heap_init: At 3FFAE6E0 len 00001920 (6 KiB): DRAM[0m
[0;32mI (868) heap_init: At 3FFB40E8 len 0002BF18 (175 KiB): DRAM[0m
[0;32mI (875) heap_init: At 3FFE0440 len 00003AE0 (14 KiB): D/IRAM[0m
[0;32mI (881) heap_init: At 3FFE4350 len 0001BCB0 (111 KiB): D/IRAM[0m
[0;32mI (887) heap_init: At 40090CD0 len 0000F330 (60 KiB): IRAM[0m
[0;32mI (894) esp_psram: Adding pool of 4096K of PSRAM memory to heap allocator[0m
[0;32mI (902) spi_flash: detected chip: generic[0m
[0;32mI (906) spi_flash: flash io: qio[0m
[0;33mW (910) i2c: This driver is an old driver, please migrate your application code to adapt `driver/i2c_master.h`[0m
[0;32mI (921) main_task: Started on CPU0[0m
[0;32mI (931) main_task: Calling app_main()[0m
[0;32mI (951) gpio: GPIO[13]| InputEn: 1| OutputEn: 0| OpenDrain: 0| Pullup: 1| Pulldown: 0| Intr:0 [0m
[0;32mI (951) gpio: GPIO[14]| InputEn: 1| OutputEn: 0| OpenDrain: 0| Pullup: 1| Pulldown: 0| Intr:0 [0m
[0;32mI (951) gpio: GPIO[5]| InputEn: 1| OutputEn: 0| OpenDrain: 0| Pullup: 1| Pulldown: 0| Intr:2 [0m
[0;32mI (961) cam_hal: cam init ok[0m
[0;32mI (971) sccb: pin_sda 18 pin_scl 23[0m
[0;32mI (971) sccb: sccb_i2c_port=1[0m
[0;31mE (981) camera: Camera probe failed with error 0x105(ESP_ERR_NOT_FOUND)[0m
[0;31mE (981) app_camera: Camera init failed with error 0x105[0m
Camera init failed

InitCamera failed

[0;31mE (991) app_camera: Camera capture failed[0m
Image capture failed.
person score:7%, no person score 93%
[0;31mE (1471) app_camera: Camera capture failed[0m
Image capture failed.
person score:55%, no person score 45%
[0;31mE (1941) app_camera: Camera capture failed[0m
Image capture failed.
person score:88%, no person score 12%
[0;31mE (2411) app_camera: Camera capture failed[0m
Image capture failed.
person score:90%, no person score 10%
[0;31mE (2881) app_camera: Camera capture failed[0m
Image capture failed.
person score:91%, no person score 9%
[0;31mE (3351) app_camera: Camera capture failed[0m
Image capture failed.
person score:91%, no person score 9%
[0;31mE (3821) app_camera: Camera capture failed[0m
Image capture failed.
person score:91%, no person score 9%
[0;31mE (4291) app_camera: Camera capture failed[0m
Image capture failed.
person score:91%, no person score 9%
[0;31mE (4761) app_camera: Camera capture failed[0m
Image capture failed.
person score:91%, no person score 9%
[0;31mE (5231) app_camera: Camera capture failed[0m
Image capture failed.
person score:91%, no person score 9%
[0;31mE (5701) app_camera: Camera capture failed[0m
Image capture failed.
person score:91%, no person score 9%
[0;31mE (6171) app_camera: Camera capture failed[0m
Image capture failed.
person score:92%, no person score 8%
[0;31mE (6641) app_camera: Camera capture failed[0m
Image capture failed.
person score:92%, no person score 8%
[0;31mE (7111) app_camera: Camera capture failed[0m
Image capture failed.
person score:92%, no person score 8%
[0;31mE (7581) app_camera: Camera capture failed[0m
Image capture failed.
person score:92%, no person score 8%
[0;31mE (8051) app_camera: Camera capture failed[0m
Image capture failed.
person score:91%, no person score 9%
[0;31mE (8521) app_camera: Camera capture failed[0m
Image capture failed.
person score:91%, no person score 9%
[0;31mE (8991) app_camera: Camera capture failed[0m
Image capture failed.
person score:91%, no person score 9%
[0;31mE (9461) app_camera: Camera capture failed[0m
Image capture failed.
person score:91%, no person score 9%
[0;31mE (9931) app_camera: Camera capture failed[0m
Image capture failed.
person score:92%, no person score 8%
[0;31mE (10401) app_camera: Camera capture failed[0m
Image capture failed.
person score:92%, no person score 8%
[0;31mE (10871) app_camera: Camera capture failed[0m
Image capture failed.
person score:92%, no person score 8%
[0;31mE (11341) app_camera: Camera capture failed[0m
Image capture failed.
person score:92%, no person score 8%
[0;31mE (11811) app_camera: Camera capture failed[0m
Image capture failed.
person score:92%, no person score 8%
[0;31mE (12281) app_camera: Camera capture failed[0m
Image capture failed.
person score:92%, no person score 8%
[0;31mE (12751) app_camera: Camera capture failed[0m
Image capture failed.
person score:91%, no person score 9%
[0;31mE (13221) app_camera: Camera capture failed[0m
Image capture failed.
person score:91%, no person score 9%
[0;31mE (13691) app_camera: Camera capture failed[0m
Image capture failed.
person score:91%, no person score 9%
[0;31mE (14161) app_camera: Camera capture failed[0m
Image capture failed.
person score:92%, no person score 8%
[0;31mE (14631) app_camera: Camera capture failed[0m
Image capture failed.
person score:91%, no person score 9%
[0;31mE (15101) app_camera: Camera capture failed[0m
Image capture failed.
person score:91%, no person score 9%
[0;31mE (15571) app_camera: Camera capture failed[0m
Image capture failed.
person score:92%, no person score 8%
[0;31mE (16041) app_camera: Camera capture failed[0m
Image capture failed.
person score:92%, no person score 8%
[0;31mE (16511) app_camera: Camera capture failed[0m
Image capture failed.
person score:92%, no person score 8%
[0;31mE (16981) app_camera: Camera capture failed[0m
Image capture failed.
person score:91%, no person score 9%
[0;31mE (17451) app_camera: Camera capture failed[0m
Image capture failed.
person score:92%, no person score 8%
[0;31mE (17921) app_camera: Camera capture failed[0m
Image capture failed.
person score:91%, no person score 9%
[0;31mE (18391) app_camera: Camera capture failed[0m
Image capture failed.
person score:92%, no person score 8%
[0;31mE (18861) app_camera: Camera capture failed[0m
Image capture failed.
person score:91%, no person score 9%
[0;31mE (19331) app_camera: Camera capture failed[0m
Image capture failed.
person score:92%, no person score 8%
[0;31mE (19801) app_camera: Camera capture failed[0m
Image capture failed.
person score:91%, no person score 9%
[0;31mE (20271) app_camera: Camera capture failed[0m
Image capture failed.
person score:91%, no person score 9%
[0;31mE (20741) app_camera: Camera capture failed[0m
Image capture failed.
person score:92%, no person score 8%
[0;31mE (21211) app_camera: Camera capture failed[0m
Image capture failed.
person score:91%, no person score 9%
[0;31mE (21681) app_camera: Camera capture failed[0m
Image capture failed.
person score:92%, no person score 8%
[0;31mE (22151) app_camera: Camera capture failed[0m
Image capture failed.
person score:91%, no person score 9%
[0;31mE (22621) app_camera: Camera capture failed[0m
Image capture failed.
person score:91%, no person score 9%
[0;31mE (23091) app_camera: Camera capture failed[0m
Image capture failed.
person score:92%, no person score 8%
[0;31mE (23561) app_camera: Camera capture failed[0m
Image capture failed.
person score:92%, no person score 8%
[0;31mE (24031) app_camera: Camera capture failed[0m
Image capture failed.
person score:92%, no person score 8%
[0;31mE (24501) app_camera: Camera capture failed[0m
Image capture failed.
person score:91%, no person score 9%
[0;31mE (24971) app_camera: Camera capture failed[0m
Image capture failed.
person score:92%, no person score 8%
[0;31mE (25441) app_camera: Camera capture failed[0m
Image capture failed.
person score:92%, no person score 8%
[0;31mE (25911) app_camera: Camera capture failed[0m
Image capture failed.
person score:91%, no person score 9%
[0;31mE (26381) app_camera: Camera capture failed[0m
Image capture failed.
