etï¿½ets Jul 29 2019 12:21:46

rst:0x1 (POWERON_RESET),boot:0x13 (SPI_FAST_FLASH_BOOT)
configsip: 0, SPIWP:0xee
clk_drv:0x00,q_drv:0x00,d_drv:0x00,cs0_drv:0x00,hd_drv:0x00,wp_drv:0x00
mode:DIO, clock div:1
load:0x3fff0030,len:7524
load:0x40078000,len:16552
load:0x40080400,len:4
load:0x40080404,len:4312
entry 0x4008065c
[0;32mI (29) boot: ESP-IDF v5.3-dev-2815-gbe06a6f5ff 2nd stage bootloader[0m
[0;32mI (29) boot: compile time Jun 13 2024 12:01:01[0m
[0;32mI (31) boot: Multicore bootloader[0m
[0;32mI (35) boot: chip revision: v3.1[0m
[0;32mI (39) qio_mode: Enabling default flash chip QIO[0m
[0;32mI (44) boot.esp32: SPI Speed      : 80MHz[0m
[0;32mI (49) boot.esp32: SPI Mode       : QIO[0m
[0;32mI (53) boot.esp32: SPI Flash Size : 4MB[0m
[0;32mI (58) boot: Enabling RNG early entropy source...[0m
[0;32mI (63) boot: Partition Table:[0m
[0;32mI (67) boot: ## Label            Usage          Type ST Offset   Length[0m
[0;32mI (74) boot:  0 nvs              WiFi data        01 02 00009000 00006000[0m
[0;32mI (82) boot:  1 phy_init         RF data          01 01 0000f000 00001000[0m
[0;32mI (89) boot:  2 factory          factory app      00 00 00010000 00180000[0m
[0;32mI (97) boot: End of partition table[0m
[0;32mI (101) esp_image: segment 0: paddr=00010020 vaddr=3f400020 size=53494h (341140) map[0m
[0;32mI (197) esp_image: segment 1: paddr=000634bc vaddr=3ffb0000 size=0336ch ( 13164) load[0m
[0;32mI (201) esp_image: segment 2: paddr=00066830 vaddr=40080000 size=097e8h ( 38888) load[0m
[0;32mI (215) esp_image: segment 3: paddr=00070020 vaddr=400d0020 size=33284h (209540) map[0m
[0;32mI (269) esp_image: segment 4: paddr=000a32ac vaddr=400897e8 size=074e8h ( 29928) load[0m
[0;32mI (287) boot: Loaded app from partition at offset 0x10000[0m
[0;32mI (287) boot: Disabling RNG early entropy source...[0m
[0;32mI (298) cpu_start: Multicore app[0m
[0;32mI (298) quad_psram: This chip is ESP32-D0WD[0m
[0;32mI (298) esp_psram: Found 8MB PSRAM device[0m
[0;32mI (300) esp_psram: Speed: 80MHz[0m
[0;32mI (304) esp_psram: PSRAM initialized, cache is in low/high (2-core) mode.[0m
[0;33mW (312) esp_psram: Virtual address not enough for PSRAM, map as much as we can. 4MB is mapped[0m
[0;32mI (788) esp_psram: SPI SRAM memory test OK[0m
[0;32mI (796) cpu_start: Pro cpu start user code[0m
[0;32mI (796) cpu_start: cpu freq: 240000000 Hz[0m
[0;32mI (796) app_init: Application information:[0m
[0;32mI (799) app_init: Project name:     person_detection[0m
[0;32mI (804) app_init: App version:      1[0m
[0;32mI (809) app_init: Compile time:     Jun 13 2024 12:01:57[0m
[0;32mI (815) app_init: ELF file SHA256:  16b171e9c...[0m
[0;32mI (820) app_init: ESP-IDF:          v5.3-dev-2815-gbe06a6f5ff[0m
[0;32mI (826) efuse_init: Min chip rev:     v0.0[0m
[0;32mI (831) efuse_init: Max chip rev:     v3.99 [0m
[0;32mI (836) efuse_init: Chip rev:         v3.1[0m
[0;32mI (841) heap_init: Initializing. RAM available for dynamic allocation:[0m
[0;32mI (848) heap_init: At 3FFAE6E0 len 00001920 (6 KiB): DRAM[0m
[0;32mI (854) heap_init: At 3FFB4180 len 0002BE80 (175 KiB): DRAM[0m
[0;32mI (860) heap_init: At 3FFE0440 len 00003AE0 (14 KiB): D/IRAM[0m
[0;32mI (867) heap_init: At 3FFE4350 len 0001BCB0 (111 KiB): D/IRAM[0m
[0;32mI (873) heap_init: At 40090CD0 len 0000F330 (60 KiB): IRAM[0m
[0;32mI (879) esp_psram: Adding pool of 4096K of PSRAM memory to heap allocator[0m
[0;32mI (887) spi_flash: detected chip: generic[0m
[0;32mI (891) spi_flash: flash io: qio[0m
[0;33mW (895) i2c: This driver is an old driver, please migrate your application code to adapt `driver/i2c_master.h`[0m
[0;32mI (906) main_task: Started on CPU0[0m
[0;32mI (916) main_task: Calling app_main()[0m
[0;32mI (916) gpio: GPIO[13]| InputEn: 1| OutputEn: 0| OpenDrain: 0| Pullup: 1| Pulldown: 0| Intr:0 [0m
[0;32mI (916) gpio: GPIO[14]| InputEn: 1| OutputEn: 0| OpenDrain: 0| Pullup: 1| Pulldown: 0| Intr:0 [0m
[0;32mI (926) gpio: GPIO[5]| InputEn: 1| OutputEn: 0| OpenDrain: 0| Pullup: 1| Pulldown: 0| Intr:2 [0m
[0;32mI (936) cam_hal: cam init ok[0m
[0;32mI (936) sccb: pin_sda 18 pin_scl 23[0m
[0;32mI (946) sccb: sccb_i2c_port=1[0m
[0;31mE (956) camera: Camera probe failed with error 0x105(ESP_ERR_NOT_FOUND)[0m
[0;31mE (956) app_camera: Camera init failed with error 0x105[0m
Camera init failed

InitCamera failed

[0;31mE (966) app_camera: Camera capture failed[0m
Image capture failed.
close score: 100%, open score: 0%
[0;31mE (1356) app_camera: Camera capture failed[0m
Image capture failed.
close score: 100%, open score: 0%
[0;31mE (1736) app_camera: Camera capture failed[0m
Image capture failed.
close score: 100%, open score: 0%
[0;31mE (2116) app_camera: Camera capture failed[0m
Image capture failed.
close score: 100%, open score: 0%
[0;31mE (2496) app_camera: Camera capture failed[0m
Image capture failed.
close score: 100%, open score: 0%
[0;31mE (2876) app_camera: Camera capture failed[0m
Image capture failed.
close score: 100%, open score: 0%
[0;31mE (3256) app_camera: Camera capture failed[0m
Image capture failed.
close score: 100%, open score: 0%
[0;31mE (3636) app_camera: Camera capture failed[0m
Image capture failed.
close score: 100%, open score: 0%
[0;31mE (4016) app_camera: Camera capture failed[0m
Image capture failed.
close score: 100%, open score: 0%
[0;31mE (4396) app_camera: Camera capture failed[0m
Image capture failed.
close score: 100%, open score: 0%
[0;31mE (4776) app_camera: Camera capture failed[0m
Image capture failed.
close score: 100%, open score: 0%
[0;31mE (5156) app_camera: Camera capture failed[0m
Image capture failed.
close score: 100%, open score: 0%
[0;31mE (5536) app_camera: Camera capture failed[0m
Image capture failed.
close score: 100%, open score: 0%
[0;31mE (5916) app_camera: Camera capture failed[0m
Image capture failed.
close score: 100%, open score: 0%
[0;31mE (6296) app_camera: Camera capture failed[0m
Image capture failed.
close score: 100%, open score: 0%
[0;31mE (6676) app_camera: Camera capture failed[0m
Image capture failed.
close score: 50%, open score: 50%
[0;31mE (7056) app_camera: Camera capture failed[0m
Image capture failed.
close score: 50%, open score: 50%
[0;31mE (7436) app_camera: Camera capture failed[0m
Image capture failed.
close score: 50%, open score: 50%
[0;31mE (7816) app_camera: Camera capture failed[0m
Image capture failed.
close score: 50%, open score: 50%
[0;31mE (8196) app_camera: Camera capture failed[0m
Image capture failed.
close score: 50%, open score: 50%
[0;31mE (8576) app_camera: Camera capture failed[0m
Image capture failed.
close score: 50%, open score: 50%
[0;31mE (8956) app_camera: Camera capture failed[0m
Image capture failed.
close score: 50%, open score: 50%
[0;31mE (9336) app_camera: Camera capture failed[0m
Image capture failed.
close score: 50%, open score: 50%
[0;31mE (9716) app_camera: Camera capture failed[0m
Image capture failed.
close score: 50%, open score: 50%
[0;31mE (10096) app_camera: Camera capture failed[0m
Image capture failed.
close score: 50%, open score: 50%
[0;31mE (10476) app_camera: Camera capture failed[0m
Image capture failed.
close score: 50%, open score: 50%
[0;31mE (10856) app_camera: Camera capture failed[0m
Image capture failed.
close score: 50%, open score: 50%
[0;31mE (11236) app_camera: Camera capture failed[0m
Image capture failed.
close score: 50%, open score: 50%
[0;31mE (11616) app_camera: Camera capture failed[0m
Image capture failed.
close score: 50%, open score: 50%
[0;31mE (11996) app_camera: Camera capture failed[0m
Image capture failed.
close score: 50%, open score: 50%
[0;31mE (12376) app_camera: Camera capture failed[0m
Image capture failed.
close score: 50%, open score: 50%
[0;31mE (12756) app_camera: Camera capture failed[0m
Image capture failed.
close score: 50%, open score: 50%
[0;31mE (13136) app_camera: Camera capture failed[0m
Image capture failed.
close score: 50%, open score: 50%
[0;31mE (13516) app_camera: Camera capture failed[0m
Image capture failed.
close score: 50%, open score: 50%
[0;31mE (13896) app_camera: Camera capture failed[0m
Image capture failed.
close score: 50%, open score: 50%
[0;31mE (14276) app_camera: Camera capture failed[0m
Image capture failed.
close score: 50%, open score: 50%
[0;31mE (14656) app_camera: Camera capture failed[0m
Image capture failed.
close score: 50%, open score: 50%
[0;31mE (15036) app_camera: Camera capture failed[0m
Image capture failed.
close score: 50%, open score: 50%
[0;31mE (15416) app_camera: Camera capture failed[0m
Image capture failed.
close score: 50%, open score: 50%
[0;31mE (15796) app_camera: Camera capture failed[0m
Image capture failed.
close score: 50%, open score: 50%
[0;31mE (16176) app_camera: Camera capture failed[0m
Image capture failed.
close score: 50%, open score: 50%
[0;31mE (16556) app_camera: Camera capture failed[0m
Image capture failed.
close score: 50%, open score: 50%
[0;31mE (16936) app_camera: Camera capture failed[0m
Image capture failed.
