ets Juï¿½ets Jul 29 2019 12:21:46

rst:0x1 (POWERON_RESET),boot:0x13 (SPI_FAST_FLASH_BOOT)
configsip: 0, SPIWP:0xee
clk_drv:0x00,q_drv:0x00,d_drv:0x00,cs0_drv:0x00,hd_drv:0x00,wp_drv:0x00
mode:DIO, clock div:1
load:0x3fff0030,len:7524
load:0x40078000,len:16552
load:0x40080400,len:4
load:0x40080404,len:4312
entry 0x4008065c
[0;32mI (29) boot: ESP-IDF v5.3-dev-2815-gbe06a6f5ff 2nd stage bootloader[0m
[0;32mI (29) boot: compile time Jun 13 2024 12:01:01[0m
[0;32mI (31) boot: Multicore bootloader[0m
[0;32mI (35) boot: chip revision: v3.1[0m
[0;32mI (39) qio_mode: Enabling default flash chip QIO[0m
[0;32mI (44) boot.esp32: SPI Speed      : 80MHz[0m
[0;32mI (49) boot.esp32: SPI Mode       : QIO[0m
[0;32mI (53) boot.esp32: SPI Flash Size : 4MB[0m
[0;32mI (58) boot: Enabling RNG early entropy source...[0m
[0;32mI (63) boot: Partition Table:[0m
[0;32mI (67) boot: ## Label            Usage          Type ST Offset   Length[0m
[0;32mI (74) boot:  0 nvs              WiFi data        01 02 00009000 00006000[0m
[0;32mI (82) boot:  1 phy_init         RF data          01 01 0000f000 00001000[0m
[0;32mI (89) boot:  2 factory          factory app      00 00 00010000 00180000[0m
[0;32mI (97) boot: End of partition table[0m
[0;32mI (101) esp_image: segment 0: paddr=00010020 vaddr=3f400020 size=31544h (202052) map[0m
[0;32mI (161) esp_image: segment 1: paddr=0004156c vaddr=3ffb0000 size=0336ch ( 13164) load[0m
[0;32mI (165) esp_image: segment 2: paddr=000448e0 vaddr=40080000 size=0b738h ( 46904) load[0m
[0;32mI (181) esp_image: segment 3: paddr=00050020 vaddr=400d0020 size=33258h (209496) map[0m
[0;32mI (235) esp_image: segment 4: paddr=00083280 vaddr=4008b738 size=05598h ( 21912) load[0m
[0;32mI (251) boot: Loaded app from partition at offset 0x10000[0m
[0;32mI (251) boot: Disabling RNG early entropy source...[0m
[0;32mI (262) cpu_start: Multicore app[0m
[0;32mI (263) quad_psram: This chip is ESP32-D0WD[0m
[0;32mI (263) esp_psram: Found 8MB PSRAM device[0m
[0;32mI (265) esp_psram: Speed: 80MHz[0m
[0;32mI (269) esp_psram: PSRAM initialized, cache is in low/high (2-core) mode.[0m
[0;33mW (276) esp_psram: Virtual address not enough for PSRAM, map as much as we can. 4MB is mapped[0m
[0;32mI (752) esp_psram: SPI SRAM memory test OK[0m
[0;32mI (760) cpu_start: Pro cpu start user code[0m
[0;32mI (760) cpu_start: cpu freq: 240000000 Hz[0m
[0;32mI (760) app_init: Application information:[0m
[0;32mI (763) app_init: Project name:     person_detection[0m
[0;32mI (769) app_init: App version:      45633db-dirty[0m
[0;32mI (774) app_init: Compile time:     Jun 24 2024 20:03:38[0m
[0;32mI (780) app_init: ELF file SHA256:  46f40e8f0...[0m
[0;32mI (785) app_init: ESP-IDF:          v5.3-dev-2815-gbe06a6f5ff[0m
[0;32mI (792) efuse_init: Min chip rev:     v0.0[0m
[0;32mI (796) efuse_init: Max chip rev:     v3.99 [0m
[0;32mI (801) efuse_init: Chip rev:         v3.1[0m
[0;32mI (806) heap_init: Initializing. RAM available for dynamic allocation:[0m
[0;32mI (813) heap_init: At 3FFAE6E0 len 00001920 (6 KiB): DRAM[0m
[0;32mI (819) heap_init: At 3FFB4180 len 0002BE80 (175 KiB): DRAM[0m
[0;32mI (826) heap_init: At 3FFE0440 len 00003AE0 (14 KiB): D/IRAM[0m
[0;32mI (832) heap_init: At 3FFE4350 len 0001BCB0 (111 KiB): D/IRAM[0m
[0;32mI (838) heap_init: At 40090CD0 len 0000F330 (60 KiB): IRAM[0m
[0;32mI (845) esp_psram: Adding pool of 4096K of PSRAM memory to heap allocator[0m
[0;32mI (853) spi_flash: detected chip: generic[0m
[0;32mI (857) spi_flash: flash io: qio[0m
[0;33mW (861) i2c: This driver is an old driver, please migrate your application code to adapt `driver/i2c_master.h`[0m
[0;32mI (872) main_task: Started on CPU0[0m
[0;32mI (882) main_task: Calling app_main()[0m
[0;32mI (882) gpio: GPIO[25]| InputEn: 1| OutputEn: 0| OpenDrain: 0| Pullup: 1| Pulldown: 0| Intr:2 [0m
[0;32mI (882) cam_hal: cam init ok[0m
[0;32mI (892) sccb: pin_sda 26 pin_scl 27[0m
[0;32mI (892) sccb: sccb_i2c_port=1[0m
[0;32mI (892) gpio: GPIO[32]| InputEn: 0| OutputEn: 1| OpenDrain: 0| Pullup: 0| Pulldown: 0| Intr:0 [0m
[0;32mI (932) camera: Detected camera at address=0x30[0m
[0;32mI (932) camera: Detected OV2640 camera[0m
[0;32mI (932) camera: Camera PID=0x26 VER=0x42 MIDL=0x7f MIDH=0xa2[0m
[0;32mI (1002) esp32 ll_cam: node_size: 3072, nodes_per_line: 1, lines_per_node: 4, dma_half_buffer_min:  3072, dma_half_buffer: 12288,lines_per_half_buffer: 16, dma_buffer_size: 24576, image_size: 18432[0m
[0;32mI (1012) cam_hal: buffer_size: 24576, half_buffer_size: 12288, node_buffer_size: 3072, node_cnt: 8, total_cnt: 1[0m
[0;32mI (1022) cam_hal: Allocating 9216 Byte frame buffer in PSRAM[0m
[0;32mI (1032) cam_hal: Allocating 9216 Byte frame buffer in PSRAM[0m
[0;32mI (1032) cam_hal: cam config ok[0m
[0;32mI (1042) ov2640: Set PLL: clk_2x: 0, clk_div: 3, pclk_auto: 1, pclk_div: 8[0m
Camera Initialized

Image Captured

close score: 100%, open score: 0%
Image Captured

close score: 100%, open score: 0%
Image Captured

close score: 100%, open score: 0%
Image Captured

close score: 100%, open score: 0%
Image Captured

close score: 100%, open score: 0%
Image Captured

close score: 100%, open score: 0%
Image Captured

close score: 100%, open score: 0%
Image Captured

close score: 100%, open score: 0%
Image Captured

close score: 100%, open score: 0%
Image Captured

close score: 0%, open score: 100%
Image Captured

close score: 100%, open score: 0%
Image Captured

close score: 50%, open score: 50%
Image Captured

close score: 100%, open score: 0%
Image Captured

close score: 100%, open score: 0%
Image Captured

close score: 100%, open score: 0%
Image Captured

close score: 100%, open score: 0%
Image Captured

close score: 100%, open score: 0%
Image Captured

close score: 100%, open score: 0%
Image Captured

close score: 100%, open score: 0%
Image Captured

close score: 100%, open score: 0%
Image Captured

close score: 100%, open score: 0%
Image Captured

close score: 100%, open score: 0%
Image Captured

close score: 100%, open score: 0%
Image Captured

close score: 100%, open score: 0%
Image Captured

close score: 100%, open score: 0%
Image Captured

close score: 100%, open score: 0%
Image Captured

close score: 100%, open score: 0%
Image Captured

close score: 100%, open score: 0%
Image Captured

close score: 100%, open score: 0%
Image Captured

close score: 100%, open score: 0%
Image Captured

close score: 100%, open score: 0%
Image Captured

close score: 100%, open score: 0%
Image Captured

close score: 100%, open score: 0%
Image Captured

close score: 100%, open score: 0%
Image Captured

close score: 100%, open score: 0%
Image Captured

close score: 100%, open score: 0%
Image Captured

close score: 100%, open score: 0%
Image Captured

close score: 100%, open score: 0%
Image Captured

close score: 100%, open score: 0%
Image Captured

close score: 100%, open score: 0%
Image Captured

close score: 100%, open score: 0%
Image Captured

close score: 100%, open score: 0%
Image Captured

close score: 100%, open score: 0%
Image Captured

close score: 100%, open score: 0%
Image Captured

close score: 100%, open score: 0%
Image Captured

close score: 100%, open score: 0%
Image Captured

close score: 0%, open score: 100%
Image Captured

close score: 100%, open score: 0%
Image Captured

close score: 100%, open score: 0%
Image Captured

close score: 100%, open score: 0%
Image Captured

close score: 100%, open score: 0%
Image Captured

close score: 100%, open score: 0%
Image Captured

close score: 100%, open score: 0%
Image Captured

close score: 100%, open score: 0%
Image Captured

close score: 100%, open score: 0%
Image Captured

close score: 100%, open score: 0%
Image Captured

close score: 100%, open score: 0%
Image Captured

close score: 100%, open score: 0%
Image Captured

close score: 100%, open score: 0%
Image Captured

close score: 100%, open score: 0%
Image Captured

close score: 0%, open score: 100%
Image Captured

close score: 100%, open score: 0%
Image Captured

close score: 100%, open score: 0%
Image Captured

close score: 0%, open score: 100%
Image Captured

close score: 100%, open score: 0%
Image Captured

close score: 100%, open score: 0%
Image Captured

close score: 100%, open score: 0%
Image Captured

close score: 100%, open score: 0%
Image Captured

close score: 100%, open score: 0%
Image Captured

close score: 100%, open score: 0%
Image Captured

close score: 100%, open score: 0%
Image Captured

close score: 100%, open score: 0%
Image Captured

close score: 100%, open score: 0%
Image Captured

close score: 100%, open score: 0%
Image Captured

close score: 100%, open score: 0%
Image Captured

close score: 100%, open score: 0%
Image Captured

close score: 100%, open score: 0%
Image Captured

close score: 0%, open score: 100%
Image Captured

close score: 100%, open score: 0%
Image Captured

close score: 100%, open score: 0%
Image Captured

close score: 100%, open score: 0%
Image Captured

close score: 0%, open score: 100%
Image Captured

close score: 100%, open score: 0%
Image Captured

close score: 100%, open score: 0%
Image Captured

close score: 100%, open score: 0%
Image Captured

close score: 100%, open score: 0%
Image Captured

close score: 100%, open score: 0%
Image Captured

close score: 100%, open score: 0%
Image Captured

close score: 100%, open score: 0%
